exports[`test should render without errors 1`] = `<div />`;
